// Jest Snapshot v1, https://goo.gl/fbAQLP

exports[`ButtonLogin Should render button 1`] = `
<button
  class="ButtonLoginstyles__ButtonLogin-d0aenn-0 kJBLfk"
>
  Entrar
</button>
`;
